###############################################################################
#
# IAR ELF Linker V8.40.1.212/W32 for ARM                  21/Jul/2020  13:25:01
# Copyright 2007-2019 IAR Systems AB.
#
#    Output file  =
#        E:\Dropbox\LABVED TECHNOLOGIES PVT LTD\Project\Agriculture
#        SaaS\Technical\Electronics\Firmware\NodeBox - RF868_STM32L- Disco\Rev0
#        20-7-2020\Rev0\EWARM\Debug\Exe\PROJECT.out
#    Map file     =
#        E:\Dropbox\LABVED TECHNOLOGIES PVT LTD\Project\Agriculture
#        SaaS\Technical\Electronics\Firmware\NodeBox - RF868_STM32L- Disco\Rev0
#        20-7-2020\Rev0\EWARM\Debug\List\PROJECT.map
#    Command line =
#        -f C:\Users\BHARAT~1.VIS\AppData\Local\Temp\EWECDB.tmp
#        ("E:\Dropbox\LABVED TECHNOLOGIES PVT LTD\Project\Agriculture
#        SaaS\Technical\Electronics\Firmware\NodeBox - RF868_STM32L- Disco\Rev0
#        20-7-2020\Rev0\EWARM\Debug\Obj\Bluetooth.o" "E:\Dropbox\LABVED
#        TECHNOLOGIES PVT LTD\Project\Agriculture
#        SaaS\Technical\Electronics\Firmware\NodeBox - RF868_STM32L- Disco\Rev0
#        20-7-2020\Rev0\EWARM\Debug\Obj\BluetoothUser.o" "E:\Dropbox\LABVED
#        TECHNOLOGIES PVT LTD\Project\Agriculture
#        SaaS\Technical\Electronics\Firmware\NodeBox - RF868_STM32L- Disco\Rev0
#        20-7-2020\Rev0\EWARM\Debug\Obj\Conversions.o" "E:\Dropbox\LABVED
#        TECHNOLOGIES PVT LTD\Project\Agriculture
#        SaaS\Technical\Electronics\Firmware\NodeBox - RF868_STM32L- Disco\Rev0
#        20-7-2020\Rev0\EWARM\Debug\Obj\EN.o" "E:\Dropbox\LABVED TECHNOLOGIES
#        PVT LTD\Project\Agriculture
#        SaaS\Technical\Electronics\Firmware\NodeBox - RF868_STM32L- Disco\Rev0
#        20-7-2020\Rev0\EWARM\Debug\Obj\ff.o" "E:\Dropbox\LABVED TECHNOLOGIES
#        PVT LTD\Project\Agriculture
#        SaaS\Technical\Electronics\Firmware\NodeBox - RF868_STM32L- Disco\Rev0
#        20-7-2020\Rev0\EWARM\Debug\Obj\Functions.o" "E:\Dropbox\LABVED
#        TECHNOLOGIES PVT LTD\Project\Agriculture
#        SaaS\Technical\Electronics\Firmware\NodeBox - RF868_STM32L- Disco\Rev0
#        20-7-2020\Rev0\EWARM\Debug\Obj\GPRS.o" "E:\Dropbox\LABVED TECHNOLOGIES
#        PVT LTD\Project\Agriculture
#        SaaS\Technical\Electronics\Firmware\NodeBox - RF868_STM32L- Disco\Rev0
#        20-7-2020\Rev0\EWARM\Debug\Obj\GPRSUser.o" "E:\Dropbox\LABVED
#        TECHNOLOGIES PVT LTD\Project\Agriculture
#        SaaS\Technical\Electronics\Firmware\NodeBox - RF868_STM32L- Disco\Rev0
#        20-7-2020\Rev0\EWARM\Debug\Obj\Gsm.o" "E:\Dropbox\LABVED TECHNOLOGIES
#        PVT LTD\Project\Agriculture
#        SaaS\Technical\Electronics\Firmware\NodeBox - RF868_STM32L- Disco\Rev0
#        20-7-2020\Rev0\EWARM\Debug\Obj\GsmUser.o" "E:\Dropbox\LABVED
#        TECHNOLOGIES PVT LTD\Project\Agriculture
#        SaaS\Technical\Electronics\Firmware\NodeBox - RF868_STM32L- Disco\Rev0
#        20-7-2020\Rev0\EWARM\Debug\Obj\HAL_E70-868T30S.o" "E:\Dropbox\LABVED
#        TECHNOLOGIES PVT LTD\Project\Agriculture
#        SaaS\Technical\Electronics\Firmware\NodeBox - RF868_STM32L- Disco\Rev0
#        20-7-2020\Rev0\EWARM\Debug\Obj\HAL_HC05.o" "E:\Dropbox\LABVED
#        TECHNOLOGIES PVT LTD\Project\Agriculture
#        SaaS\Technical\Electronics\Firmware\NodeBox - RF868_STM32L- Disco\Rev0
#        20-7-2020\Rev0\EWARM\Debug\Obj\HAL_LCD.o" "E:\Dropbox\LABVED
#        TECHNOLOGIES PVT LTD\Project\Agriculture
#        SaaS\Technical\Electronics\Firmware\NodeBox - RF868_STM32L- Disco\Rev0
#        20-7-2020\Rev0\EWARM\Debug\Obj\HAL_MODEL.o" "E:\Dropbox\LABVED
#        TECHNOLOGIES PVT LTD\Project\Agriculture
#        SaaS\Technical\Electronics\Firmware\NodeBox - RF868_STM32L- Disco\Rev0
#        20-7-2020\Rev0\EWARM\Debug\Obj\HAL_PCF8574.o" "E:\Dropbox\LABVED
#        TECHNOLOGIES PVT LTD\Project\Agriculture
#        SaaS\Technical\Electronics\Firmware\NodeBox - RF868_STM32L- Disco\Rev0
#        20-7-2020\Rev0\EWARM\Debug\Obj\HAL_SDCARD.o" "E:\Dropbox\LABVED
#        TECHNOLOGIES PVT LTD\Project\Agriculture
#        SaaS\Technical\Electronics\Firmware\NodeBox - RF868_STM32L- Disco\Rev0
#        20-7-2020\Rev0\EWARM\Debug\Obj\HAL_SIM800C.o" "E:\Dropbox\LABVED
#        TECHNOLOGIES PVT LTD\Project\Agriculture
#        SaaS\Technical\Electronics\Firmware\NodeBox - RF868_STM32L- Disco\Rev0
#        20-7-2020\Rev0\EWARM\Debug\Obj\HAL_W25Q.o" "E:\Dropbox\LABVED
#        TECHNOLOGIES PVT LTD\Project\Agriculture
#        SaaS\Technical\Electronics\Firmware\NodeBox - RF868_STM32L- Disco\Rev0
#        20-7-2020\Rev0\EWARM\Debug\Obj\LIB_E70-868T30S.o" "E:\Dropbox\LABVED
#        TECHNOLOGIES PVT LTD\Project\Agriculture
#        SaaS\Technical\Electronics\Firmware\NodeBox - RF868_STM32L- Disco\Rev0
#        20-7-2020\Rev0\EWARM\Debug\Obj\LIB_FLASH.o" "E:\Dropbox\LABVED
#        TECHNOLOGIES PVT LTD\Project\Agriculture
#        SaaS\Technical\Electronics\Firmware\NodeBox - RF868_STM32L- Disco\Rev0
#        20-7-2020\Rev0\EWARM\Debug\Obj\LIB_HC05.o" "E:\Dropbox\LABVED
#        TECHNOLOGIES PVT LTD\Project\Agriculture
#        SaaS\Technical\Electronics\Firmware\NodeBox - RF868_STM32L- Disco\Rev0
#        20-7-2020\Rev0\EWARM\Debug\Obj\LIB_LCD.o" "E:\Dropbox\LABVED
#        TECHNOLOGIES PVT LTD\Project\Agriculture
#        SaaS\Technical\Electronics\Firmware\NodeBox - RF868_STM32L- Disco\Rev0
#        20-7-2020\Rev0\EWARM\Debug\Obj\LIB_MODEL.o" "E:\Dropbox\LABVED
#        TECHNOLOGIES PVT LTD\Project\Agriculture
#        SaaS\Technical\Electronics\Firmware\NodeBox - RF868_STM32L- Disco\Rev0
#        20-7-2020\Rev0\EWARM\Debug\Obj\LIB_NODEBOXRF868.o" "E:\Dropbox\LABVED
#        TECHNOLOGIES PVT LTD\Project\Agriculture
#        SaaS\Technical\Electronics\Firmware\NodeBox - RF868_STM32L- Disco\Rev0
#        20-7-2020\Rev0\EWARM\Debug\Obj\LIB_SDMMC.o" "E:\Dropbox\LABVED
#        TECHNOLOGIES PVT LTD\Project\Agriculture
#        SaaS\Technical\Electronics\Firmware\NodeBox - RF868_STM32L- Disco\Rev0
#        20-7-2020\Rev0\EWARM\Debug\Obj\LIB_SIM800C.o" "E:\Dropbox\LABVED
#        TECHNOLOGIES PVT LTD\Project\Agriculture
#        SaaS\Technical\Electronics\Firmware\NodeBox - RF868_STM32L- Disco\Rev0
#        20-7-2020\Rev0\EWARM\Debug\Obj\main.o" "E:\Dropbox\LABVED TECHNOLOGIES
#        PVT LTD\Project\Agriculture
#        SaaS\Technical\Electronics\Firmware\NodeBox - RF868_STM32L- Disco\Rev0
#        20-7-2020\Rev0\EWARM\Debug\Obj\misc.o" "E:\Dropbox\LABVED TECHNOLOGIES
#        PVT LTD\Project\Agriculture
#        SaaS\Technical\Electronics\Firmware\NodeBox - RF868_STM32L- Disco\Rev0
#        20-7-2020\Rev0\EWARM\Debug\Obj\mmc.o" "E:\Dropbox\LABVED TECHNOLOGIES
#        PVT LTD\Project\Agriculture
#        SaaS\Technical\Electronics\Firmware\NodeBox - RF868_STM32L- Disco\Rev0
#        20-7-2020\Rev0\EWARM\Debug\Obj\Sim80xUser.o" "E:\Dropbox\LABVED
#        TECHNOLOGIES PVT LTD\Project\Agriculture
#        SaaS\Technical\Electronics\Firmware\NodeBox - RF868_STM32L- Disco\Rev0
#        20-7-2020\Rev0\EWARM\Debug\Obj\stm32l1xx_adc.o" "E:\Dropbox\LABVED
#        TECHNOLOGIES PVT LTD\Project\Agriculture
#        SaaS\Technical\Electronics\Firmware\NodeBox - RF868_STM32L- Disco\Rev0
#        20-7-2020\Rev0\EWARM\Debug\Obj\stm32l1xx_aes.o" "E:\Dropbox\LABVED
#        TECHNOLOGIES PVT LTD\Project\Agriculture
#        SaaS\Technical\Electronics\Firmware\NodeBox - RF868_STM32L- Disco\Rev0
#        20-7-2020\Rev0\EWARM\Debug\Obj\stm32l1xx_aes_util.o"
#        "E:\Dropbox\LABVED TECHNOLOGIES PVT LTD\Project\Agriculture
#        SaaS\Technical\Electronics\Firmware\NodeBox - RF868_STM32L- Disco\Rev0
#        20-7-2020\Rev0\EWARM\Debug\Obj\stm32l1xx_comp.o" "E:\Dropbox\LABVED
#        TECHNOLOGIES PVT LTD\Project\Agriculture
#        SaaS\Technical\Electronics\Firmware\NodeBox - RF868_STM32L- Disco\Rev0
#        20-7-2020\Rev0\EWARM\Debug\Obj\stm32l1xx_crc.o" "E:\Dropbox\LABVED
#        TECHNOLOGIES PVT LTD\Project\Agriculture
#        SaaS\Technical\Electronics\Firmware\NodeBox - RF868_STM32L- Disco\Rev0
#        20-7-2020\Rev0\EWARM\Debug\Obj\stm32l1xx_dac.o" "E:\Dropbox\LABVED
#        TECHNOLOGIES PVT LTD\Project\Agriculture
#        SaaS\Technical\Electronics\Firmware\NodeBox - RF868_STM32L- Disco\Rev0
#        20-7-2020\Rev0\EWARM\Debug\Obj\stm32l1xx_dbgmcu.o" "E:\Dropbox\LABVED
#        TECHNOLOGIES PVT LTD\Project\Agriculture
#        SaaS\Technical\Electronics\Firmware\NodeBox - RF868_STM32L- Disco\Rev0
#        20-7-2020\Rev0\EWARM\Debug\Obj\stm32l1xx_dma.o" "E:\Dropbox\LABVED
#        TECHNOLOGIES PVT LTD\Project\Agriculture
#        SaaS\Technical\Electronics\Firmware\NodeBox - RF868_STM32L- Disco\Rev0
#        20-7-2020\Rev0\EWARM\Debug\Obj\stm32l1xx_exti.o" "E:\Dropbox\LABVED
#        TECHNOLOGIES PVT LTD\Project\Agriculture
#        SaaS\Technical\Electronics\Firmware\NodeBox - RF868_STM32L- Disco\Rev0
#        20-7-2020\Rev0\EWARM\Debug\Obj\stm32l1xx_flash.o" "E:\Dropbox\LABVED
#        TECHNOLOGIES PVT LTD\Project\Agriculture
#        SaaS\Technical\Electronics\Firmware\NodeBox - RF868_STM32L- Disco\Rev0
#        20-7-2020\Rev0\EWARM\Debug\Obj\stm32l1xx_flash_ramfunc.o"
#        "E:\Dropbox\LABVED TECHNOLOGIES PVT LTD\Project\Agriculture
#        SaaS\Technical\Electronics\Firmware\NodeBox - RF868_STM32L- Disco\Rev0
#        20-7-2020\Rev0\EWARM\Debug\Obj\stm32l1xx_fsmc.o" "E:\Dropbox\LABVED
#        TECHNOLOGIES PVT LTD\Project\Agriculture
#        SaaS\Technical\Electronics\Firmware\NodeBox - RF868_STM32L- Disco\Rev0
#        20-7-2020\Rev0\EWARM\Debug\Obj\stm32l1xx_gpio.o" "E:\Dropbox\LABVED
#        TECHNOLOGIES PVT LTD\Project\Agriculture
#        SaaS\Technical\Electronics\Firmware\NodeBox - RF868_STM32L- Disco\Rev0
#        20-7-2020\Rev0\EWARM\Debug\Obj\stm32l1xx_i2c.o" "E:\Dropbox\LABVED
#        TECHNOLOGIES PVT LTD\Project\Agriculture
#        SaaS\Technical\Electronics\Firmware\NodeBox - RF868_STM32L- Disco\Rev0
#        20-7-2020\Rev0\EWARM\Debug\Obj\stm32l1xx_it.o" "E:\Dropbox\LABVED
#        TECHNOLOGIES PVT LTD\Project\Agriculture
#        SaaS\Technical\Electronics\Firmware\NodeBox - RF868_STM32L- Disco\Rev0
#        20-7-2020\Rev0\EWARM\Debug\Obj\stm32l1xx_iwdg.o" "E:\Dropbox\LABVED
#        TECHNOLOGIES PVT LTD\Project\Agriculture
#        SaaS\Technical\Electronics\Firmware\NodeBox - RF868_STM32L- Disco\Rev0
#        20-7-2020\Rev0\EWARM\Debug\Obj\stm32l1xx_lcd.o" "E:\Dropbox\LABVED
#        TECHNOLOGIES PVT LTD\Project\Agriculture
#        SaaS\Technical\Electronics\Firmware\NodeBox - RF868_STM32L- Disco\Rev0
#        20-7-2020\Rev0\EWARM\Debug\Obj\stm32l1xx_opamp.o" "E:\Dropbox\LABVED
#        TECHNOLOGIES PVT LTD\Project\Agriculture
#        SaaS\Technical\Electronics\Firmware\NodeBox - RF868_STM32L- Disco\Rev0
#        20-7-2020\Rev0\EWARM\Debug\Obj\stm32l1xx_pwr.o" "E:\Dropbox\LABVED
#        TECHNOLOGIES PVT LTD\Project\Agriculture
#        SaaS\Technical\Electronics\Firmware\NodeBox - RF868_STM32L- Disco\Rev0
#        20-7-2020\Rev0\EWARM\Debug\Obj\stm32l1xx_rcc.o" "E:\Dropbox\LABVED
#        TECHNOLOGIES PVT LTD\Project\Agriculture
#        SaaS\Technical\Electronics\Firmware\NodeBox - RF868_STM32L- Disco\Rev0
#        20-7-2020\Rev0\EWARM\Debug\Obj\stm32l1xx_rtc.o" "E:\Dropbox\LABVED
#        TECHNOLOGIES PVT LTD\Project\Agriculture
#        SaaS\Technical\Electronics\Firmware\NodeBox - RF868_STM32L- Disco\Rev0
#        20-7-2020\Rev0\EWARM\Debug\Obj\stm32l1xx_sdio.o" "E:\Dropbox\LABVED
#        TECHNOLOGIES PVT LTD\Project\Agriculture
#        SaaS\Technical\Electronics\Firmware\NodeBox - RF868_STM32L- Disco\Rev0
#        20-7-2020\Rev0\EWARM\Debug\Obj\stm32l1xx_spi.o" "E:\Dropbox\LABVED
#        TECHNOLOGIES PVT LTD\Project\Agriculture
#        SaaS\Technical\Electronics\Firmware\NodeBox - RF868_STM32L- Disco\Rev0
#        20-7-2020\Rev0\EWARM\Debug\Obj\stm32l1xx_syscfg.o" "E:\Dropbox\LABVED
#        TECHNOLOGIES PVT LTD\Project\Agriculture
#        SaaS\Technical\Electronics\Firmware\NodeBox - RF868_STM32L- Disco\Rev0
#        20-7-2020\Rev0\EWARM\Debug\Obj\stm32l1xx_tim.o" "E:\Dropbox\LABVED
#        TECHNOLOGIES PVT LTD\Project\Agriculture
#        SaaS\Technical\Electronics\Firmware\NodeBox - RF868_STM32L- Disco\Rev0
#        20-7-2020\Rev0\EWARM\Debug\Obj\stm32l1xx_usart.o" "E:\Dropbox\LABVED
#        TECHNOLOGIES PVT LTD\Project\Agriculture
#        SaaS\Technical\Electronics\Firmware\NodeBox - RF868_STM32L- Disco\Rev0
#        20-7-2020\Rev0\EWARM\Debug\Obj\stm32l1xx_wwdg.o" "E:\Dropbox\LABVED
#        TECHNOLOGIES PVT LTD\Project\Agriculture
#        SaaS\Technical\Electronics\Firmware\NodeBox - RF868_STM32L- Disco\Rev0
#        20-7-2020\Rev0\EWARM\Debug\Obj\system_stm32l1xx.o" --no_out_extension
#        -o "E:\Dropbox\LABVED TECHNOLOGIES PVT LTD\Project\Agriculture
#        SaaS\Technical\Electronics\Firmware\NodeBox - RF868_STM32L- Disco\Rev0
#        20-7-2020\Rev0\EWARM\Debug\Exe\PROJECT.out" --redirect
#        _Printf=_PrintfSmallNoMb --redirect _Scanf=_ScanfSmallNoMb --map
#        "E:\Dropbox\LABVED TECHNOLOGIES PVT LTD\Project\Agriculture
#        SaaS\Technical\Electronics\Firmware\NodeBox - RF868_STM32L- Disco\Rev0
#        20-7-2020\Rev0\EWARM\Debug\List\PROJECT.map" --config
#        "E:\Dropbox\LABVED TECHNOLOGIES PVT LTD\Project\Agriculture
#        SaaS\Technical\Electronics\Firmware\NodeBox - RF868_STM32L- Disco\Rev0
#        20-7-2020\Rev0\EWARM/settings/stm32l1xx_flash.icf" --semihosting
#        --entry __iar_program_start --vfe --text_out locale)
#
###############################################################################

*******************************************************************************
*** RUNTIME MODEL ATTRIBUTES
***

CppFlavor        = *
__CPP_Exceptions = Disabled
__CPP_Language   = C++14
__SystemLibrary  = DLib
__dlib_version   = 6


*******************************************************************************
*** HEAP SELECTION
***

The basic heap was selected because no calls to memory allocation
functions were found in the application outside of system library
functions, and there are calls to deallocation functions in the
application.


*******************************************************************************
*** PLACEMENT SUMMARY
***

"A0":  place at address 0x800'0000 { ro section .intvec };
"P1":  place in [from 0x800'0000 to 0x807'ffff] { ro };
define block CSTACK with size = 1K, alignment = 8 { };
define block HEAP with size = 512, alignment = 8 { };
"P2":  place in [from 0x2000'0000 to 0x2001'3fff] {
          rw, block CSTACK, block HEAP };
initialize by copy { rw };

  Section            Kind         Address    Size  Object
  -------            ----         -------    ----  ------
"A0":                                        0x40
  .intvec            ro code   0x800'0000    0x40  vector_table_M.o [4]
                             - 0x800'0040    0x40

"P1":                                      0x1fc0
  .text              ro code   0x800'0040   0x684  xscanfsmall_nomb.o [2]
  .text              ro code   0x800'06c4    0x16  strchr.o [4]
  .text              ro code   0x800'06da    0x3a  zero_init3.o [4]
  .text              ro code   0x800'0714   0x14a  iar_Stoulx.o [2]
  .text              ro code   0x800'085e    0x2e  copy_init3.o [4]
  .text              ro code   0x800'088c    0x40  xfail_s.o [2]
  .text              ro code   0x800'08cc    0x94  iar_Stolx.o [2]
  .text              ro code   0x800'0960    0x58  memchr.o [4]
  .text              ro code   0x800'09b8     0x6  abort.o [2]
  .text              ro code   0x800'09be    0x1e  xsscin.o [2]
  .text              ro code   0x800'09dc    0x14  exit.o [5]
  .text              ro code   0x800'09f0    0x7c  iarttio.o [5]
  .text              ro code   0x800'0a6c    0x3c  XShttio.o [2]
  .text              ro code   0x800'0aa8   0x501  xprintfsmall_nomb.o [2]
  .text              ro code   0x800'0faa    0x1a  xsnprout.o [2]
  .text              ro code   0x800'0fc4    0x36  strlen.o [4]
  .text              ro code   0x800'0ffa    0x12  stm32l1xx_it.o [1]
  .text              ro code   0x800'100c   0x3b4  HAL_SIM800C.o [1]
  .text              ro code   0x800'13c0   0x22c  stm32l1xx_rcc.o [1]
  .text              ro code   0x800'15ec   0x100  stm32l1xx_gpio.o [1]
  .text              ro code   0x800'16ec    0x1e  Functions.o [1]
  .rodata            const     0x800'170a     0x1  unwind_debug.o [5]
  .text              ro code   0x800'170c   0x1f2  stm32l1xx_usart.o [1]
  .text              ro code   0x800'1900    0x74  misc.o [1]
  .text              ro code   0x800'1974    0x66  ABImemset.o [4]
  .text              ro code   0x800'19dc    0x6c  strncpy_unaligned.o [4]
  .text              ro code   0x800'1a48    0x2c  strstr.o [2]
  .text              ro code   0x800'1a74    0x28  strncmp.o [2]
  .text              ro code   0x800'1a9c   0x148  LIB_SIM800C.o [1]
  .text              ro code   0x800'1be4    0x44  snprintf.o [2]
  .text              ro code   0x800'1c28    0x28  sscanf.o [2]
  .text              ro code   0x800'1c50    0x98  LIB_NODEBOXRF868.o [1]
  .text              ro code   0x800'1ce8    0x58  main.o [1]
  .text              ro code   0x800'1d40    0x28  printf.o [2]
  .rodata            const     0x800'1d68    0x50  iar_Stoulx.o [2]
  .text              ro code   0x800'1db8    0x28  data_init.o [4]
  .rodata            const     0x800'1de0    0x24  xscanfsmall_nomb.o [2]
  Initializer bytes  const     0x800'1e04    0x24  <for P2-1>
  .text              ro code   0x800'1e28    0x22  iarwrite.o [5]
  .iar.init_table    const     0x800'1e4c    0x24  - Linker created -
  .text              ro code   0x800'1e70    0x20  putchar.o [2]
  .text              ro code   0x800'1e90    0x10  write.o [5]
  .text              ro code   0x800'1ea0    0x1e  dwrite.o [5]
  .text              ro code   0x800'1ebe    0x20  iarwstd.o [5]
  .text              ro code   0x800'1ee0    0x1e  cmain.o [4]
  .text              ro code   0x800'1efe     0x4  low_level_init.o [2]
  .text              ro code   0x800'1f02     0x4  exit.o [2]
  .text              ro code   0x800'1f08     0xa  cexit.o [4]
  .rodata            const     0x800'1f14    0x1c  LIB_SIM800C.o [1]
  .text              ro code   0x800'1f30    0x16  xprout.o [2]
  .rodata            const     0x800'1f48    0x14  LIB_SIM800C.o [1]
  .rodata            const     0x800'1f5c    0x14  LIB_SIM800C.o [1]
  .rodata            const     0x800'1f70    0x10  LIB_SIM800C.o [1]
  .rodata            const     0x800'1f80    0x10  LIB_SIM800C.o [1]
  .rodata            const     0x800'1f90    0x10  main.o [1]
  .rodata            const     0x800'1fa0     0xc  HAL_SIM800C.o [1]
  .rodata            const     0x800'1fac     0xc  LIB_SIM800C.o [1]
  .rodata            const     0x800'1fb8     0xc  LIB_SIM800C.o [1]
  .rodata            const     0x800'1fc4     0xc  LIB_SIM800C.o [1]
  .rodata            const     0x800'1fd0     0xc  main.o [1]
  .text              ro code   0x800'1fdc     0xc  cstartup_M.o [4]
  .rodata            const     0x800'1fe8     0x8  HAL_SIM800C.o [1]
  .rodata            const     0x800'1ff0     0x8  LIB_SIM800C.o [1]
  .rodata            const     0x800'1ff8     0x8  LIB_SIM800C.o [1]
  .rodata            const     0x800'2000     0x0  zero_init3.o [4]
  .rodata            const     0x800'2000     0x0  copy_init3.o [4]
                             - 0x800'2000  0x1fc0

"P2", part 1 of 3:                           0x24
  P2-1                        0x2000'0000    0x24  <Init block>
    .data            inited   0x2000'0000     0xc  stm32l1xx_rcc.o [1]
    .data            inited   0x2000'000c    0x10  stm32l1xx_rcc.o [1]
    .data            inited   0x2000'001c     0x8  XShttio.o [2]
                            - 0x2000'0024    0x24

"P2", part 2 of 3:                          0xa18
  .bss               zero     0x2000'0024   0xa10  LIB_SIM800C.o [1]
  .bss               zero     0x2000'0a34     0x4  xfail_s.o [2]
  .bss               zero     0x2000'0a38     0x1  LIB_NODEBOXRF868.o [1]
  .bss               zero     0x2000'0a39     0x1  LIB_SIM800C.o [1]
  .bss               zero     0x2000'0a3a     0x1  main.o [1]
  .bss               zero     0x2000'0a3b     0x1  XShttio.o [2]
                            - 0x2000'0a3c   0xa18

"P2", part 3 of 3:                          0x400
  CSTACK                      0x2000'0a40   0x400  <Block>
    CSTACK           uninit   0x2000'0a40   0x400  <Block tail>
                            - 0x2000'0e40   0x400

Unused ranges:

         From           To      Size
         ----           --      ----
   0x800'2000   0x807'ffff  0x7'e000
  0x2000'0a3c  0x2000'0a3f       0x4
  0x2000'0e40  0x2001'3fff  0x1'31c0


*******************************************************************************
*** INIT TABLE
***

          Address      Size
          -------      ----
Zero (__iar_zero_init3)
    1 destination range, total size 0xa18:
          0x2000'0024  0xa18

Copy (__iar_copy_init3)
    1 source range, total size 0x24:
           0x800'1e04   0x24
    1 destination range, total size 0x24:
          0x2000'0000   0x24



*******************************************************************************
*** MODULE SUMMARY
***

    Module               ro code  ro data  rw data
    ------               -------  -------  -------
command line/config:
    ----------------------------------------------
    Total:

E:\Dropbox\LABVED TECHNOLOGIES PVT LTD\Project\Agriculture SaaS\Technical\Electronics\Firmware\NodeBox - RF868_STM32L- Disco\Rev0 20-7-2020\Rev0\EWARM\Debug\Obj: [1]
    Functions.o               30
    HAL_SIM800C.o            948       20
    LIB_NODEBOXRF868.o       152                 1
    LIB_SIM800C.o            328      152    2'577
    main.o                    88       28        1
    misc.o                   116
    stm32l1xx_gpio.o         256
    stm32l1xx_it.o            18
    stm32l1xx_rcc.o          556       28       28
    stm32l1xx_usart.o        498
    ----------------------------------------------
    Total:                 2'990      228    2'607

dl7M_tln.a: [2]
    XShttio.o                 60        8        9
    abort.o                    6
    exit.o                     4
    iar_Stolx.o              148
    iar_Stoulx.o             330       80
    low_level_init.o           4
    printf.o                  40
    putchar.o                 32
    snprintf.o                68
    sscanf.o                  40
    strncmp.o                 40
    strstr.o                  44
    xfail_s.o                 64                 4
    xprintfsmall_nomb.o    1'281
    xprout.o                  22
    xscanfsmall_nomb.o     1'668       36
    xsnprout.o                26
    xsscin.o                  30
    ----------------------------------------------
    Total:                 3'907      124       13

m7M_tl.a: [3]
    ----------------------------------------------
    Total:

rt7M_tl.a: [4]
    ABImemset.o              102
    cexit.o                   10
    cmain.o                   30
    copy_init3.o              46
    cstartup_M.o              12
    data_init.o               40
    memchr.o                  88
    strchr.o                  22
    strlen.o                  54
    strncpy_unaligned.o      108
    vector_table_M.o          64
    zero_init3.o              58
    ----------------------------------------------
    Total:                   634

shb_l.a: [5]
    dwrite.o                  30
    exit.o                    20
    iarttio.o                124
    iarwrite.o                34
    iarwstd.o                 32
    unwind_debug.o                      1
    write.o                   16
    ----------------------------------------------
    Total:                   256        1

    Gaps                      10        6
    Linker created                     36    1'024
--------------------------------------------------
    Grand Total:           7'797      395    3'644


*******************************************************************************
*** ENTRY LIST
***

Entry                       Address   Size  Type      Object
-----                       -------   ----  ----      ------
.iar.init_table$$Base    0x800'1e4c          --   Gb  - Linker created -
.iar.init_table$$Limit   0x800'1e70          --   Gb  - Linker created -
?main                    0x800'1ee1         Code  Gb  cmain.o [4]
APBAHBPrescTable        0x2000'000c   0x10  Data  Lc  stm32l1xx_rcc.o [1]
BusFault_Handler         0x800'1001    0x2  Code  Gb  stm32l1xx_it.o [1]
CSTACK$$Base            0x2000'0a40          --   Gb  - Linker created -
CSTACK$$Limit           0x2000'0e40          --   Gb  - Linker created -
DebugMon_Handler         0x800'1007    0x2  Code  Gb  stm32l1xx_it.o [1]
GPIO_Init                0x800'15ed   0x96  Code  Gb  stm32l1xx_gpio.o [1]
GPIO_PinAFConfig         0x800'1699   0x54  Code  Gb  stm32l1xx_gpio.o [1]
GPIO_ResetBits           0x800'1687    0x4  Code  Gb  stm32l1xx_gpio.o [1]
GPIO_SetBits             0x800'1683    0x4  Code  Gb  stm32l1xx_gpio.o [1]
GPIO_WriteBit            0x800'168b    0xe  Code  Gb  stm32l1xx_gpio.o [1]
HAL_SIM800C::HAL_UART_Transmit(unsigned char *, unsigned char, unsigned char)
                         0x800'11d3   0x28  Code  Gb  HAL_SIM800C.o [1]
HAL_SIM800C::getc()      0x800'11b9   0x1a  Code  Gb  HAL_SIM800C.o [1]
HAL_SIM800C::gpioInit()
                         0x800'100d   0x90  Code  Gb  HAL_SIM800C.o [1]
HAL_SIM800C::putc(char)
                         0x800'118d   0x2c  Code  Gb  HAL_SIM800C.o [1]
HAL_SIM800C::readLine(char *, unsigned int)
                         0x800'12cd   0xd8  Code  Gb  HAL_SIM800C.o [1]
HAL_SIM800C::sendAtCommand(char const *, int, unsigned char, ...)
                         0x800'1223   0xaa  Code  Gb  HAL_SIM800C.o [1]
HAL_SIM800C::uartInit()
                         0x800'109d   0xf0  Code  Gb  HAL_SIM800C.o [1]
HAL_SIM800C::writeString(char *)
                         0x800'11fb   0x28  Code  Gb  HAL_SIM800C.o [1]
HardFault_Handler        0x800'0ffd    0x2  Code  Gb  stm32l1xx_it.o [1]
LIB_SIM800C::Init()      0x800'1a9d   0x12  Code  Gb  LIB_SIM800C.o [1]
LIB_SIM800C::debugTerminal(char *)
                         0x800'1ab5    0x2  Code  Gb  LIB_SIM800C.o [1]
LIB_SIM800C::getIMEI(char *)
                         0x800'1b65   0x4c  Code  Gb  LIB_SIM800C.o [1]
LIB_SIM800C::setAtEcho(bool)
                         0x800'1b25   0x40  Code  Gb  LIB_SIM800C.o [1]
LIB_SIM800C::setBaudRate(unsigned short)
                         0x800'1ae5   0x40  Code  Gb  LIB_SIM800C.o [1]
LIB_SIM800C::setFactoryDefault()
                         0x800'1ab7   0x2e  Code  Gb  LIB_SIM800C.o [1]
MemManage_Handler        0x800'0fff    0x2  Code  Gb  stm32l1xx_it.o [1]
NMI_Handler              0x800'0ffb    0x2  Code  Gb  stm32l1xx_it.o [1]
NODEBOX_RF868::Init()    0x800'1c51   0x5e  Code  Gb  LIB_NODEBOXRF868.o [1]
NODEBOX_RF868::testGSM()
                         0x800'1caf   0x2c  Code  Gb  LIB_NODEBOXRF868.o [1]
NVIC_Init                0x800'1901   0x62  Code  Gb  misc.o [1]
PLLMulTable             0x2000'0000    0xc  Data  Lc  stm32l1xx_rcc.o [1]
PendSV_Handler           0x800'1009    0x2  Code  Gb  stm32l1xx_it.o [1]
RCC_AHBPeriphClockCmd    0x800'151f   0x1c  Code  Gb  stm32l1xx_rcc.o [1]
RCC_APB1PeriphClockCmd   0x800'1557   0x1c  Code  Gb  stm32l1xx_rcc.o [1]
RCC_APB1PeriphResetCmd   0x800'158f   0x1c  Code  Gb  stm32l1xx_rcc.o [1]
RCC_APB2PeriphClockCmd   0x800'153b   0x1c  Code  Gb  stm32l1xx_rcc.o [1]
RCC_APB2PeriphResetCmd   0x800'1573   0x1c  Code  Gb  stm32l1xx_rcc.o [1]
RCC_DeInit               0x800'13c1   0x3e  Code  Gb  stm32l1xx_rcc.o [1]
RCC_GetClocksFreq        0x800'144b   0xd4  Code  Gb  stm32l1xx_rcc.o [1]
RCC_HCLKConfig           0x800'1419   0x10  Code  Gb  stm32l1xx_rcc.o [1]
RCC_HSICmd               0x800'13ff    0xa  Code  Gb  stm32l1xx_rcc.o [1]
RCC_PCLK1Config          0x800'1429   0x10  Code  Gb  stm32l1xx_rcc.o [1]
RCC_PCLK2Config          0x800'1439   0x12  Code  Gb  stm32l1xx_rcc.o [1]
RCC_SYSCLKConfig         0x800'1409   0x10  Code  Gb  stm32l1xx_rcc.o [1]
Region$$Table$$Base      0x800'1e4c          --   Gb  - Linker created -
Region$$Table$$Limit     0x800'1e70          --   Gb  - Linker created -
SVC_Handler              0x800'1005    0x2  Code  Gb  stm32l1xx_it.o [1]
Sim80x                  0x2000'0024  0xa10  Data  Gb  LIB_SIM800C.o [1]
SysTick_Handler          0x800'100b    0x2  Code  Gb  stm32l1xx_it.o [1]
USART_Cmd                0x800'1865   0x1c  Code  Gb  stm32l1xx_usart.o [1]
USART_DeInit             0x800'170d   0x8e  Code  Gb  stm32l1xx_usart.o [1]
USART_GetFlagStatus      0x800'18e5   0x1a  Code  Gb  stm32l1xx_usart.o [1]
USART_ITConfig           0x800'1891   0x54  Code  Gb  stm32l1xx_usart.o [1]
USART_Init               0x800'179b   0xb2  Code  Gb  stm32l1xx_usart.o [1]
USART_ReceiveData        0x800'1889    0x8  Code  Gb  stm32l1xx_usart.o [1]
USART_SendData           0x800'1881    0x8  Code  Gb  stm32l1xx_usart.o [1]
UsageFault_Handler       0x800'1003    0x2  Code  Gb  stm32l1xx_it.o [1]
_Get                     0x800'0041   0x12  Code  Lc  xscanfsmall_nomb.o [2]
_GetN                    0x800'0053   0x22  Code  Lc  xscanfsmall_nomb.o [2]
_GetstrSmallNoMb         0x800'0599   0xd8  Code  Lc  xscanfsmall_nomb.o [2]
_LitobSmallNoMb          0x800'0e67   0xce  Code  Lc  xprintfsmall_nomb.o [2]
_PrintfSmallNoMb         0x800'0aa9  0x3b2  Code  Gb  xprintfsmall_nomb.o [2]
_Prout                   0x800'1f31   0x16  Code  Gb  xprout.o [2]
_PutcharSmallNoMb        0x800'0f35   0x20  Code  Lc  xprintfsmall_nomb.o [2]
_PutcharsSmallNoMb       0x800'0f55   0x2e  Code  Lc  xprintfsmall_nomb.o [2]
_SNProut                 0x800'0fab   0x1a  Code  Gb  xsnprout.o [2]
_SScin                   0x800'09bf   0x1e  Code  Gb  xsscin.o [2]
_ScanfSmallNoMb          0x800'0091  0x500  Code  Gb  xscanfsmall_nomb.o [2]
_UngetN                  0x800'0075   0x1a  Code  Lc  xscanfsmall_nomb.o [2]
__aeabi_memset           0x800'1975         Code  Gb  ABImemset.o [4]
__cmain                  0x800'1ee1         Code  Gb  cmain.o [4]
__dwrite                 0x800'1ea1   0x1e  Code  Gb  dwrite.o [5]
__exit                   0x800'09dd   0x14  Code  Gb  exit.o [5]
__iar_Fail_s             0x800'088d   0x1c  Code  Gb  xfail_s.o [2]
__iar_Memchr             0x800'0961         Code  Gb  memchr.o [4]
__iar_Memset             0x800'1975         Code  Gb  ABImemset.o [4]
__iar_Memset_word        0x800'197d         Code  Gb  ABImemset.o [4]
__iar_Stolx              0x800'08cd   0x90  Code  Gb  iar_Stolx.o [2]
__iar_Stoulx             0x800'0715  0x13e  Code  Gb  iar_Stoulx.o [2]
__iar_Strchr             0x800'06c5         Code  Gb  strchr.o [4]
__iar_Strstr             0x800'1a49   0x2c  Code  Gb  strstr.o [2]
__iar_close_ttio         0x800'09f1   0x2c  Code  Gb  iarttio.o [5]
__iar_copy_init3         0x800'085f   0x2e  Code  Gb  copy_init3.o [4]
__iar_data_init3         0x800'1db9   0x28  Code  Gb  data_init.o [4]
__iar_debug_exceptions   0x800'170a    0x1  Data  Gb  unwind_debug.o [5]
__iar_get_ttio           0x800'0a1d   0x4c  Code  Gb  iarttio.o [5]
__iar_lookup_ttioh       0x800'0a9b    0x4  Code  Gb  XShttio.o [2]
__iar_program_start      0x800'1fdd         Code  Gb  cstartup_M.o [4]
__iar_sh_stdout          0x800'1ebf   0x20  Code  Gb  iarwstd.o [5]
__iar_sh_write           0x800'1e29   0x22  Code  Gb  iarwrite.o [5]
__iar_ttio_guard_lock    0x800'0a6d   0x1e  Code  Gb  XShttio.o [2]
__iar_ttio_guard_unlock
                         0x800'0a8b   0x10  Code  Gb  XShttio.o [2]
__iar_ttio_handles      0x2000'001c    0x8  Data  Lc  XShttio.o [2]
__iar_unaligned_strncpy
                         0x800'19dd         Code  Gb  strncpy_unaligned.o [4]
__iar_zero_init3         0x800'06db   0x3a  Code  Gb  zero_init3.o [4]
__low_level_init         0x800'1eff    0x4  Code  Gb  low_level_init.o [2]
__vector_table           0x800'0000         Data  Gb  vector_table_M.o [4]
__write                  0x800'1e91   0x10  Code  Gb  write.o [5]
_call_main               0x800'1eed         Code  Gb  cmain.o [4]
_exit                    0x800'1f09         Code  Gb  cexit.o [4]
_main                    0x800'1efb         Code  Gb  cmain.o [4]
abort                    0x800'09b9    0x6  Code  Gb  abort.o [2]
delay_ms(unsigned int)   0x800'16ed   0x1a  Code  Gb  Functions.o [1]
digits                   0x800'1d90   0x28  Data  Lc  iar_Stoulx.o [2]
exit                     0x800'1f03    0x4  Code  Gb  exit.o [2]
gsm                     0x2000'0a38    0x1  Data  Gb  LIB_NODEBOXRF868.o [1]
isOperationTimedOut()    0x800'1707    0x4  Code  Gb  Functions.o [1]
main                     0x800'1ce9   0x58  Code  Gb  main.o [1]
memchr                   0x800'0961         Code  Gb  memchr.o [4]
ndigs                    0x800'1d68   0x28  Data  Lc  iar_Stoulx.o [2]
node                    0x2000'0a3a    0x1  Data  Gb  main.o [1]
printf                   0x800'1d41   0x28  Code  Gb  printf.o [2]
putchar                  0x800'1e71   0x20  Code  Gb  putchar.o [2]
sec_hand                0x2000'0a34    0x4  Data  Lc  xfail_s.o [2]
sim800c                 0x2000'0a39    0x1  Data  Gb  LIB_SIM800C.o [1]
snprintf                 0x800'1be5   0x44  Code  Gb  snprintf.o [2]
sscanf                   0x800'1c29   0x28  Code  Gb  sscanf.o [2]
strchr                   0x800'06c5         Code  Gb  strchr.o [4]
strlen                   0x800'0fc5         Code  Gb  strlen.o [4]
strncmp                  0x800'1a75   0x28  Code  Gb  strncmp.o [2]
strtol                   0x800'095d    0x4  Code  Gb  iar_Stolx.o [2]
strtoul                  0x800'0859    0x2  Code  Gb  iar_Stoulx.o [2]
ttio_guard              0x2000'0a3b    0x1  Data  Lc  XShttio.o [2]


[1] = E:\Dropbox\LABVED TECHNOLOGIES PVT LTD\Project\Agriculture SaaS\Technical\Electronics\Firmware\NodeBox - RF868_STM32L- Disco\Rev0 20-7-2020\Rev0\EWARM\Debug\Obj
[2] = dl7M_tln.a
[3] = m7M_tl.a
[4] = rt7M_tl.a
[5] = shb_l.a

  7'797 bytes of readonly  code memory
    395 bytes of readonly  data memory
  3'644 bytes of readwrite data memory

Errors: none
Warnings: none
